stm32f7xx_ll_spi.h:359:22:LL_SPI_Enable	16	static
stm32f7xx_ll_spi.h:427:22:LL_SPI_SetStandard	16	static
stm32f7xx_ll_spi.h:863:22:LL_SPI_EnableNSSPulseMgt	16	static
stm32f7xx_ll_spi.h:906:26:LL_SPI_IsActiveFlag_RXNE	16	static
stm32f7xx_ll_gpio.h:882:22:LL_GPIO_SetOutputPin	16	static
stm32f7xx_ll_gpio.h:911:22:LL_GPIO_ResetOutputPin	16	static
stm32f7xx_ll_bus.h:311:22:LL_AHB1_GRP1_EnableClock	24	static
stm32f7xx_ll_bus.h:1589:22:LL_APB2_GRP1_EnableClock	24	static
main.c:71:6:delay_10ns	16	static
main.c:77:6:adcRead1000	24	static
main.c:100:6:transmit1000	16	static
main.c:109:6:AD9833_tx2	24	static
main.c:118:6:AD9833_Init2	24	static
main.c:123:10:AD9833_freq_calc2	32	static
main.c:131:6:AD9833_set2	40	static
main.c:173:6:AD9833_tx	24	static
main.c:181:6:AD9833_Init	24	static
main.c:186:10:AD9833_freq_calc	32	static
main.c:194:6:AD9833_set	40	static
main.c:248:6:HAL_UART_RxCpltCallback	16	static
main.c:287:5:main	16	static
main.c:353:6:SystemClock_Config	232	static
main.c:409:13:MX_SPI1_Init	72	static
main.c:482:13:MX_SPI2_Init	8	static
main.c:522:13:MX_SPI3_Init	8	static
main.c:562:13:MX_TIM1_Init	112	static
main.c:639:13:MX_TIM2_Init	40	static
main.c:684:13:MX_USART3_UART_Init	8	static
main.c:717:13:MX_DMA_Init	16	static
main.c:735:13:MX_GPIO_Init	32	static
main.c:861:6:Error_Handler	4	static
